#Doctest for ../100-matrix_mul.py

>>> matrix_mul = __import__('100-matrix_mul').matrix_mul
>>> matrix_mul([[1, 2], [3, 4]], [[1, 2], [3, 4]])
[[7, 10], [15, 22]]
>>> matrix_mul([[1, 2]], [[3, 4], [5, 6]])
[[13, 16]]
>>> matrix_mul('p', [0, 8])
Traceback (most recent call last):
    ...
TypeError: m_a must be a list

>>> matrix_mul([0, 8], 9)
Traceback (most recent call last):
    ...
TypeError: m_b must be a list

>>> matrix_mul([[]], [[0, 9], [0, 9]])
Traceback (most recent call last):
    ...
ValueError: m_a can't be empty

>>> matrix_mul([[9, 0], [0, 9]], [[]])
Traceback (most recent call last):
    ...
ValueError: m_b can't be empty

>>> matrix_mul([['b', 9]], [[5, 6], [5, 6]])
Traceback (most recent call last):
    ...
TypeError: m_a should contain only integers or floats

>>> matrix_mul([[0, 9]], [[5, 6], [5, 'k']])
Traceback (most recent call last):
    ...
TypeError: m_b should contain only integers or floats


